[create] OK
[symlink] test_symlink() - symlink: Operation not permitted
[link] test_link() - link: Operation not permitted
[mkfifo] test_mkfifo() - mkfifo: Operation not permitted
[mkdir] check_nlink() - nlink 32000 instead of 2
[rename file] OK
[rename dir] OK
[utime] OK
[truncate(0)] OK
[truncate(13)] OK
[truncate(26)] OK
[truncate(126)] OK
[ftruncate(0) mode: 0600] OK
[ftruncate(13) mode: 0600] OK
[ftruncate(26) mode: 0600] OK
[ftruncate(126) mode: 0600] OK
[ftruncate(0) mode: 0400] OK
[ftruncate(0) mode: 0200] OK
[ftruncate(0) mode: 0000] OK
[open(-, O_RDONLY, 0000)] OK
[open(+, O_RDONLY, 0000)] OK
[open(+, O_RDWR, 0000)] OK
[open(+, O_WRONLY, 0000)] OK
[open(-, O_RDWR | O_CREAT, 0600)] OK
[open(+, O_RDWR | O_CREAT, 0600)] OK
[open(-, O_RDWR | O_CREAT | O_TRUNC, 0600)] OK
[open(+, O_RDWR | O_CREAT | O_TRUNC, 0600)] OK
[open(-, O_RDONLY | O_CREAT, 0600)] OK
[open(-, O_RDONLY | O_CREAT, 0400)] OK
[open(-, O_RDONLY | O_CREAT, 0200)] OK
[open(-, O_RDONLY | O_CREAT, 0000)] OK
[open(-, O_WRONLY | O_CREAT, 0600)] OK
[open(-, O_WRONLY | O_CREAT, 0400)] OK
[open(-, O_WRONLY | O_CREAT, 0200)] OK
[open(-, O_WRONLY | O_CREAT, 0000)] OK
[open(-, O_RDWR | O_CREAT, 0400)] OK
[open(-, O_RDWR | O_CREAT, 0200)] OK
[open(-, O_RDWR | O_CREAT, 0000)] OK
[open(-, O_RDWR | O_CREAT | O_EXCL, 0600)] OK
[open(+, O_RDWR | O_CREAT | O_EXCL, 0600)] OK
[open(-, O_RDWR | O_CREAT | O_EXCL, 0000)] OK
[open(+, O_RDWR | O_CREAT | O_EXCL, 0000)] OK
[open_acc(O_RDONLY) mode: 0600 error: 'Success'] OK
[open_acc(O_WRONLY) mode: 0600 error: 'Success'] OK
[open_acc(O_RDWR) mode: 0600 error: 'Success'] OK
[open_acc(O_RDONLY) mode: 0400 error: 'Success'] OK
[open_acc(O_RDONLY | O_TRUNC) mode: 0400 error: 'Permission denied'] OK
[open_acc(O_WRONLY) mode: 0400 error: 'Permission denied'] OK
[open_acc(O_RDWR) mode: 0400 error: 'Permission denied'] OK
[open_acc(O_RDONLY) mode: 0200 error: 'Permission denied'] OK
[open_acc(O_WRONLY) mode: 0200 error: 'Success'] OK
[open_acc(O_RDWR) mode: 0200 error: 'Permission denied'] OK
[open_acc(O_RDONLY) mode: 0000 error: 'Permission denied'] OK
[open_acc(O_WRONLY) mode: 0000 error: 'Permission denied'] OK
[open_acc(O_RDWR) mode: 0000 error: 'Permission denied'] OK
[mmap(PROT_READ, MAP_SHARED)] OK
[mmap(PROT_WRITE, MAP_SHARED)] do_test_mmap() - mmap: No such device
[mmap(PROT_READ | PROT_WRITE, MAP_SHARED)] do_test_mmap() - mmap: No such device
[seek(10)] OK
[open_rename] OK
[open_open(O_RDONLY, O_WRONLY)] OK
[open_open(O_RDONLY, O_RDWR)] OK
[open_open(O_WRONLY, O_RDONLY)] OK
[open_open(O_WRONLY, O_RDWR)] OK
[open_open(O_RDWR, O_RDONLY)] OK
[open_open(O_RDWR, O_WRONLY)] OK
[creat_open(O_WRONLY, O_RDONLY)] OK
[creat_open(O_WRONLY, O_RDWR)] OK
[creat_open(O_RDWR, O_RDONLY)] OK
[creat_open(O_RDWR, O_WRONLY)] OK
6 tests failed
