gfarmfs: opt="", fuse_opt=""
OK [create]
NG [symlink] test_symlink(): symlink: Operation not permitted
NG [link] test_link(): link: Operation not permitted
NG [mkfifo] test_mkfifo(): mkfifo: Operation not permitted
NG [mkdir] check_nlink(): nlink 32000 instead of 2
OK [rename file]
OK [rename dir]
OK [utime]
OK [truncate(0)]
OK [truncate(13)]
OK [truncate(26)]
OK [truncate(126)]
OK [ftruncate(0) mode=0600]
OK [ftruncate(13) mode=0600]
OK [ftruncate(26) mode=0600]
OK [ftruncate(126) mode=0600]
OK [ftruncate(0) mode=0400]
OK [ftruncate(0) mode=0200]
OK [ftruncate(0) mode=0000]
OK [open(-, O_RDONLY, 0000)]
OK [open(+, O_RDONLY, 0000)]
OK [open(+, O_RDWR, 0000)]
OK [open(+, O_WRONLY, 0000)]
OK [open(-, O_RDWR | O_CREAT, 0600)]
OK [open(+, O_RDWR | O_CREAT, 0600)]
OK [open(-, O_RDWR | O_CREAT | O_TRUNC, 0600)]
OK [open(+, O_RDWR | O_CREAT | O_TRUNC, 0600)]
OK [open(-, O_RDONLY | O_CREAT, 0600)]
OK [open(-, O_RDONLY | O_CREAT, 0400)]
OK [open(-, O_RDONLY | O_CREAT, 0200)]
OK [open(-, O_RDONLY | O_CREAT, 0000)]
OK [open(-, O_WRONLY | O_CREAT, 0600)]
OK [open(-, O_WRONLY | O_CREAT, 0400)]
OK [open(-, O_WRONLY | O_CREAT, 0200)]
OK [open(-, O_WRONLY | O_CREAT, 0000)]
OK [open(-, O_RDWR | O_CREAT, 0400)]
OK [open(-, O_RDWR | O_CREAT, 0200)]
OK [open(-, O_RDWR | O_CREAT, 0000)]
OK [open(-, O_RDWR | O_CREAT | O_EXCL, 0600)]
OK [open(+, O_RDWR | O_CREAT | O_EXCL, 0600)]
OK [open(-, O_RDWR | O_CREAT | O_EXCL, 0000)]
OK [open(+, O_RDWR | O_CREAT | O_EXCL, 0000)]
OK [open_acc(O_RDONLY) mode=0600 errno=0]
OK [open_acc(O_WRONLY) mode=0600 errno=0]
OK [open_acc(O_RDWR) mode=0600 errno=0]
OK [open_acc(O_RDONLY) mode=0400 errno=0]
OK [open_acc(O_RDONLY | O_TRUNC) mode=0400 errno=EACCES]
OK [open_acc(O_WRONLY) mode=0400 errno=EACCES]
OK [open_acc(O_RDWR) mode=0400 errno=EACCES]
OK [open_acc(O_RDONLY) mode=0200 errno=EACCES]
OK [open_acc(O_WRONLY) mode=0200 errno=0]
OK [open_acc(O_RDWR) mode=0200 errno=EACCES]
OK [open_acc(O_RDONLY) mode=0000 errno=EACCES]
OK [open_acc(O_WRONLY) mode=0000 errno=EACCES]
OK [open_acc(O_RDWR) mode=0000 errno=EACCES]
OK [open_acc(O_RDONLY | O_TRUNC) mode=0600 errno=0]
NG [open_acc(O_RDONLY | O_TRUNC) mode=0200 errno=EACCES] check_size(): length 0 instead of 26
OK [open_acc(O_WRONLY | O_TRUNC) mode=0200 errno=0]
NG [open_acc(O_RDWR | O_TRUNC) mode=0200 errno=EACCES] check_size(): length 0 instead of 26
OK [mmap(PROT_READ, MAP_SHARED)]
NG [mmap(PROT_WRITE, MAP_SHARED)] do_test_mmap(): mmap: No such device
NG [mmap(PROT_READ | PROT_WRITE, MAP_SHARED)] do_test_mmap(): mmap: No such device
OK [seek_EOF offset=10]
OK [open size]
OK [open rename utime close]
OK [open unlink close]
OK [open utime close]
OK [chmod(0600) open chmod(0700) close]
OK [chmod(0700) open chmod(0600) close]
OK [open(O_RDONLY) open(O_WRONLY)]
OK [open(O_RDONLY) open(O_RDWR)]
OK [open(O_WRONLY) open(O_RDONLY)]
OK [open(O_WRONLY) open(O_RDWR)]
OK [open(O_RDWR) open(O_RDONLY)]
OK [open(O_RDWR) open(O_WRONLY)]
OK [creat(O_WRONLY) open(O_RDONLY)]
OK [creat(O_WRONLY) open(O_RDWR)]
OK [creat(O_RDWR) open(O_RDONLY)]
OK [creat(O_RDWR) open(O_WRONLY)]
8 tests failed
