fusexmp_fh: fuse_opt="-s"
NG [open_acc(O_RDONLY | O_TRUNC) mode=0200 errno=EACCES] check_size(): length 0 instead of 26
NG [open_acc(O_RDWR | O_TRUNC) mode=0200 errno=EACCES] check_size(): length 0 instead of 26
NG [mmap(PROT_WRITE, MAP_SHARED)] do_test_mmap(): mmap: No such device
NG [mmap(PROT_READ | PROT_WRITE, MAP_SHARED)] do_test_mmap(): mmap: No such device
4 tests failed
